Archive member included to satisfy reference by file (symbol)

D:/STM32CubeIDE_1.19.0/STM32CubeIDE/plugins/com.st.stm32cube.ide.mcu.externaltools.gnu-tools-for-stm32.13.3.rel1.win32_1.0.0.202411081344/tools/bin/../lib/gcc/arm-none-eabi/13.3.1/../../../../arm-none-eabi/lib/thumb/v7-m/nofp\libc_nano.a(libc_a-exit.o)
                              D:/STM32CubeIDE_1.19.0/STM32CubeIDE/plugins/com.st.stm32cube.ide.mcu.externaltools.gnu-tools-for-stm32.13.3.rel1.win32_1.0.0.202411081344/tools/bin/../lib/gcc/arm-none-eabi/13.3.1/../../../../arm-none-eabi/lib/thumb/v7-m/nofp/crt0.o (exit)
D:/STM32CubeIDE_1.19.0/STM32CubeIDE/plugins/com.st.stm32cube.ide.mcu.externaltools.gnu-tools-for-stm32.13.3.rel1.win32_1.0.0.202411081344/tools/bin/../lib/gcc/arm-none-eabi/13.3.1/../../../../arm-none-eabi/lib/thumb/v7-m/nofp\libc_nano.a(libc_a-findfp.o)
                              D:/STM32CubeIDE_1.19.0/STM32CubeIDE/plugins/com.st.stm32cube.ide.mcu.externaltools.gnu-tools-for-stm32.13.3.rel1.win32_1.0.0.202411081344/tools/bin/../lib/gcc/arm-none-eabi/13.3.1/../../../../arm-none-eabi/lib/thumb/v7-m/nofp\libc_nano.a(libc_a-exit.o) (__stdio_exit_handler)
D:/STM32CubeIDE_1.19.0/STM32CubeIDE/plugins/com.st.stm32cube.ide.mcu.externaltools.gnu-tools-for-stm32.13.3.rel1.win32_1.0.0.202411081344/tools/bin/../lib/gcc/arm-none-eabi/13.3.1/../../../../arm-none-eabi/lib/thumb/v7-m/nofp\libc_nano.a(libc_a-fwalk.o)
                              D:/STM32CubeIDE_1.19.0/STM32CubeIDE/plugins/com.st.stm32cube.ide.mcu.externaltools.gnu-tools-for-stm32.13.3.rel1.win32_1.0.0.202411081344/tools/bin/../lib/gcc/arm-none-eabi/13.3.1/../../../../arm-none-eabi/lib/thumb/v7-m/nofp\libc_nano.a(libc_a-findfp.o) (_fwalk_sglue)
D:/STM32CubeIDE_1.19.0/STM32CubeIDE/plugins/com.st.stm32cube.ide.mcu.externaltools.gnu-tools-for-stm32.13.3.rel1.win32_1.0.0.202411081344/tools/bin/../lib/gcc/arm-none-eabi/13.3.1/../../../../arm-none-eabi/lib/thumb/v7-m/nofp\libc_nano.a(libc_a-stdio.o)
                              D:/STM32CubeIDE_1.19.0/STM32CubeIDE/plugins/com.st.stm32cube.ide.mcu.externaltools.gnu-tools-for-stm32.13.3.rel1.win32_1.0.0.202411081344/tools/bin/../lib/gcc/arm-none-eabi/13.3.1/../../../../arm-none-eabi/lib/thumb/v7-m/nofp\libc_nano.a(libc_a-findfp.o) (__sread)
D:/STM32CubeIDE_1.19.0/STM32CubeIDE/plugins/com.st.stm32cube.ide.mcu.externaltools.gnu-tools-for-stm32.13.3.rel1.win32_1.0.0.202411081344/tools/bin/../lib/gcc/arm-none-eabi/13.3.1/../../../../arm-none-eabi/lib/thumb/v7-m/nofp\libc_nano.a(libc_a-memset.o)
                              D:/STM32CubeIDE_1.19.0/STM32CubeIDE/plugins/com.st.stm32cube.ide.mcu.externaltools.gnu-tools-for-stm32.13.3.rel1.win32_1.0.0.202411081344/tools/bin/../lib/gcc/arm-none-eabi/13.3.1/../../../../arm-none-eabi/lib/thumb/v7-m/nofp/crt0.o (memset)
D:/STM32CubeIDE_1.19.0/STM32CubeIDE/plugins/com.st.stm32cube.ide.mcu.externaltools.gnu-tools-for-stm32.13.3.rel1.win32_1.0.0.202411081344/tools/bin/../lib/gcc/arm-none-eabi/13.3.1/../../../../arm-none-eabi/lib/thumb/v7-m/nofp\libc_nano.a(libc_a-closer.o)
                              D:/STM32CubeIDE_1.19.0/STM32CubeIDE/plugins/com.st.stm32cube.ide.mcu.externaltools.gnu-tools-for-stm32.13.3.rel1.win32_1.0.0.202411081344/tools/bin/../lib/gcc/arm-none-eabi/13.3.1/../../../../arm-none-eabi/lib/thumb/v7-m/nofp\libc_nano.a(libc_a-stdio.o) (_close_r)
D:/STM32CubeIDE_1.19.0/STM32CubeIDE/plugins/com.st.stm32cube.ide.mcu.externaltools.gnu-tools-for-stm32.13.3.rel1.win32_1.0.0.202411081344/tools/bin/../lib/gcc/arm-none-eabi/13.3.1/../../../../arm-none-eabi/lib/thumb/v7-m/nofp\libc_nano.a(libc_a-reent.o)
                              D:/STM32CubeIDE_1.19.0/STM32CubeIDE/plugins/com.st.stm32cube.ide.mcu.externaltools.gnu-tools-for-stm32.13.3.rel1.win32_1.0.0.202411081344/tools/bin/../lib/gcc/arm-none-eabi/13.3.1/../../../../arm-none-eabi/lib/thumb/v7-m/nofp\libc_nano.a(libc_a-closer.o) (errno)
D:/STM32CubeIDE_1.19.0/STM32CubeIDE/plugins/com.st.stm32cube.ide.mcu.externaltools.gnu-tools-for-stm32.13.3.rel1.win32_1.0.0.202411081344/tools/bin/../lib/gcc/arm-none-eabi/13.3.1/../../../../arm-none-eabi/lib/thumb/v7-m/nofp\libc_nano.a(libc_a-impure.o)
                              D:/STM32CubeIDE_1.19.0/STM32CubeIDE/plugins/com.st.stm32cube.ide.mcu.externaltools.gnu-tools-for-stm32.13.3.rel1.win32_1.0.0.202411081344/tools/bin/../lib/gcc/arm-none-eabi/13.3.1/../../../../arm-none-eabi/lib/thumb/v7-m/nofp\libc_nano.a(libc_a-reent.o) (_impure_ptr)
D:/STM32CubeIDE_1.19.0/STM32CubeIDE/plugins/com.st.stm32cube.ide.mcu.externaltools.gnu-tools-for-stm32.13.3.rel1.win32_1.0.0.202411081344/tools/bin/../lib/gcc/arm-none-eabi/13.3.1/../../../../arm-none-eabi/lib/thumb/v7-m/nofp\libc_nano.a(libc_a-lseekr.o)
                              D:/STM32CubeIDE_1.19.0/STM32CubeIDE/plugins/com.st.stm32cube.ide.mcu.externaltools.gnu-tools-for-stm32.13.3.rel1.win32_1.0.0.202411081344/tools/bin/../lib/gcc/arm-none-eabi/13.3.1/../../../../arm-none-eabi/lib/thumb/v7-m/nofp\libc_nano.a(libc_a-stdio.o) (_lseek_r)
[...]
Memory Configuration

Name             Origin             Length             Attributes
RAM              0x20000000         0x00002800         xrw
FLASH            0x08000000         0x00008000         xr
*default*        0x00000000         0xffffffff

Linker script and memory map

LOAD D:/STM32CubeIDE_1.19.0/STM32CubeIDE/plugins/com.st.stm32cube.ide.mcu.externaltools.gnu-tools-for-stm32.13.3.rel1.win32_1.0.0.202411081344/tools/bin/../lib/gcc/arm-none-eabi/13.3.1/thumb/v7-m/nofp/crti.o
LOAD D:/STM32CubeIDE_1.19.0/STM32CubeIDE/plugins/com.st.stm32cube.ide.mcu.externaltools.gnu-tools-for-stm32.13.3.rel1.win32_1.0.0.202411081344/tools/bin/../lib/gcc/arm-none-eabi/13.3.1/thumb/v7-m/nofp/crtbegin.o
LOAD D:/STM32CubeIDE_1.19.0/STM32CubeIDE/plugins/com.st.stm32cube.ide.mcu.externaltools.gnu-tools-for-stm32.13.3.rel1.win32_1.0.0.202411081344/tools/bin/../lib/gcc/arm-none-eabi/13.3.1/../../../../arm-none-eabi/lib/thumb/v7-m/nofp/crt0.o
LOAD ./Core/Src/display7SEG.o
LOAD ./Core/Src/input_processing.o
LOAD ./Core/Src/input_reading.o
LOAD ./Core/Src/main.o
LOAD ./Core/Src/software_timer.o
LOAD ./Core/Src/stm32f1xx_hal_msp.o
LOAD ./Core/Src/stm32f1xx_it.o
LOAD ./Core/Src/syscalls.o
LOAD ./Core/Src/sysmem.o
LOAD ./Core/Src/system_stm32f1xx.o
LOAD ./Core/Src/traffic_light.o
LOAD ./Core/Startup/startup_stm32f103c6tx.o
LOAD ./Drivers/STM32F1xx_HAL_Driver/Src/stm32f1xx_hal.o
LOAD ./Drivers/STM32F1xx_HAL_Driver/Src/stm32f1xx_hal_cortex.o
LOAD ./Drivers/STM32F1xx_HAL_Driver/Src/stm32f1xx_hal_dma.o
LOAD ./Drivers/STM32F1xx_HAL_Driver/Src/stm32f1xx_hal_exti.o
LOAD ./Drivers/STM32F1xx_HAL_Driver/Src/stm32f1xx_hal_flash.o
LOAD ./Drivers/STM32F1xx_HAL_Driver/Src/stm32f1xx_hal_flash_ex.o
LOAD ./Drivers/STM32F1xx_HAL_Driver/Src/stm32f1xx_hal_gpio.o
LOAD ./Drivers/STM32F1xx_HAL_Driver/Src/stm32f1xx_hal_gpio_ex.o
LOAD ./Drivers/STM32F1xx_HAL_Driver/Src/stm32f1xx_hal_pwr.o
LOAD ./Drivers/STM32F1xx_HAL_Driver/Src/stm32f1xx_hal_rcc.o
LOAD ./Drivers/STM32F1xx_HAL_Driver/Src/stm32f1xx_hal_rcc_ex.o
LOAD ./Drivers/STM32F1xx_HAL_Driver/Src/stm32f1xx_hal_tim.o
LOAD ./Drivers/STM32F1xx_HAL_Driver/Src/stm32f1xx_hal_tim_ex.o
START GROUP
LOAD D:/STM32CubeIDE_1.19.0/STM32CubeIDE/plugins/com.st.stm32cube.ide.mcu.externaltools.gnu-tools-for-stm32.13.3.rel1.win32_1.0.0.202411081344/tools/bin/../lib/gcc/arm-none-eabi/13.3.1/../../../../arm-none-eabi/lib/thumb/v7-m/nofp\libc_nano.a
LOAD D:/STM32CubeIDE_1.19.0/STM32CubeIDE/plugins/com.st.stm32cube.ide.mcu.externaltools.gnu-tools-for-stm32.13.3.rel1.win32_1.0.0.202411081344/tools/bin/../lib/gcc/arm-none-eabi/13.3.1/../../../../arm-none-eabi/lib/thumb/v7-m/nofp\libm.a
END GROUP
START GROUP
LOAD D:/STM32CubeIDE_1.19.0/STM32CubeIDE/plugins/com.st.stm32cube.ide.mcu.externaltools.gnu-tools-for-stm32.13.3.rel1.win32_1.0.0.202411081344/tools/bin/../lib/gcc/arm-none-eabi/13.3.1/thumb/v7-m/nofp\libgcc.a
LOAD D:/STM32CubeIDE_1.19.0/STM32CubeIDE/plugins/com.st.stm32cube.ide.mcu.externaltools.gnu-tools-for-stm32.13.3.rel1.win32_1.0.0.202411081344/tools/bin/../lib/gcc/arm-none-eabi/13.3.1/../../../../arm-none-eabi/lib/thumb/v7-m/nofp\libc_nano.a
END GROUP
START GROUP
LOAD D:/STM32CubeIDE_1.19.0/STM32CubeIDE/plugins/com.st.stm32cube.ide.mcu.externaltools.gnu-tools-for-stm32.13.3.rel1.win32_1.0.0.202411081344/tools/bin/../lib/gcc/arm-none-eabi/13.3.1/thumb/v7-m/nofp\libgcc.a
LOAD D:/STM32CubeIDE_1.19.0/STM32CubeIDE/plugins/com.st.stm32cube.ide.mcu.externaltools.gnu-tools-for-stm32.13.3.rel1.win32_1.0.0.202411081344/tools/bin/../lib/gcc/arm-none-eabi/13.3.1/../../../../arm-none-eabi/lib/thumb/v7-m/nofp\libc_nano.a
LOAD D:/STM32CubeIDE_1.19.0/STM32CubeIDE/plugins/com.st.stm32cube.ide.mcu.externaltools.gnu-tools-for-stm32.13.3.rel1.win32_1.0.0.202411081344/tools/bin/../lib/gcc/arm-none-eabi/13.3.1/../../../../arm-none-eabi/lib/thumb/v7-m/nofp\libnosys.a
END GROUP
START GROUP
LOAD D:/STM32CubeIDE_1.19.0/STM32CubeIDE/plugins/com.st.stm32cube.ide.mcu.externaltools.gnu-tools-for-stm32.13.3.rel1.win32_1.0.0.202411081344/tools/bin/../lib/gcc/arm-none-eabi/13.3.1/thumb/v7-m/nofp\libgcc.a
LOAD D:/STM32CubeIDE_1.19.0/STM32CubeIDE/plugins/com.st.stm32cube.ide.mcu.externaltools.gnu-tools-for-stm32.13.3.rel1.win32_1.0.0.202411081344/tools/bin/../lib/gcc/arm-none-eabi/13.3.1/../../../../arm-none-eabi/lib/thumb/v7-m/nofp\libc_nano.a
LOAD D:/STM32CubeIDE_1.19.0/STM32CubeIDE/plugins/com.st.stm32cube.ide.mcu.externaltools.gnu-tools-for-stm32.13.3.rel1.win32_1.0.0.202411081344/tools/bin/../lib/gcc/arm-none-eabi/13.3.1/../../../../arm-none-eabi/lib/thumb/v7-m/nofp\libnosys.a
END GROUP
LOAD D:/STM32CubeIDE_1.19.0/STM32CubeIDE/plugins/com.st.stm32cube.ide.mcu.externaltools.gnu-tools-for-stm32.13.3.rel1.win32_1.0.0.202411081344/tools/bin/../lib/gcc/arm-none-eabi/13.3.1/thumb/v7-m/nofp/crtend.o
LOAD D:/STM32CubeIDE_1.19.0/STM32CubeIDE/plugins/com.st.stm32cube.ide.mcu.externaltools.gnu-tools-for-stm32.13.3.rel1.win32_1.0.0.202411081344/tools/bin/../lib/gcc/arm-none-eabi/13.3.1/thumb/v7-m/nofp/crtn.o
                0x20002800                        _estack = (ORIGIN (RAM) + LENGTH (RAM))
                0x00000200                        _Min_Heap_Size = 0x200
                0x00000400                        _Min_Stack_Size = 0x400

.isr_vector     0x08000000      0x10c
                0x08000000                        . = ALIGN (0x4)
 *(.isr_vector)
 .isr_vector    0x08000000      0x10c ./Core/Startup/startup_stm32f103c6tx.o
                0x08000000                g_pfnVectors
                0x0800010c                        . = ALIGN (0x4)

.text           0x0800010c     0x2a10
                0x0800010c                        . = ALIGN (0x4)
 *(.text)
 .text          0x0800010c       0x40 D:/STM32CubeIDE_1.19.0/STM32CubeIDE/plugins/com.st.stm32cube.ide.mcu.externaltools.gnu-tools-for-stm32.13.3.rel1.win32_1.0.0.202411081344/tools/bin/../lib/gcc/arm-none-eabi/13.3.1/thumb/v7-m/nofp/crtbegin.o
 *(.text*)
 .text.display7SEG
                0x0800014c       0xec ./Core/Src/display7SEG.o
                0x0800014c                display7SEG
 .text.unable_led_7SEG
                0x08000238       0x3c ./Core/Src/display7SEG.o
                0x08000238                unable_led_7SEG
 .text.update7SEG
                0x08000274       0x98 ./Core/Src/display7SEG.o
                0x08000274                update7SEG
 .text.updateLedBuffer
                0x0800030c       0x88 ./Core/Src/display7SEG.o
                0x0800030c                updateLedBuffer
 .text.fsm_for_input_processing
                0x08000394       0xa4 ./Core/Src/input_processing.o
                0x08000394                fsm_for_input_processing
 .text.button_init
                0x08000438       0x7c ./Core/Src/input_reading.o
                0x08000438                button_init
 .text.button_reading
                0x080004b4      0x154 ./Core/Src/input_reading.o
                0x080004b4                button_reading
 .text.is_button_pressed
                0x08000608       0x3c ./Core/Src/input_reading.o
                0x08000608                is_button_pressed
 .text.is_button_pressed_1s
                0x08000644       0x34 ./Core/Src/input_reading.o
                0x08000644                is_button_pressed_1s
 .text.is_button_down
                0x08000678       0x34 ./Core/Src/input_reading.o
                0x08000678                is_button_down
 .text.main     0x080006ac       0x30 ./Core/Src/main.o
                0x080006ac                main
 .text.SystemClock_Config
                0x080006dc       0x76 ./Core/Src/main.o
                0x080006dc                SystemClock_Config
 *fill*         0x08000752        0x2 
 .text.MX_TIM2_Init
                0x08000754       0x98 ./Core/Src/main.o
 .text.MX_GPIO_Init
                0x080007ec       0xc4 ./Core/Src/main.o
 .text.HAL_TIM_PeriodElapsedCallback
                0x080008b0       0x60 ./Core/Src/main.o
                0x080008b0                HAL_TIM_PeriodElapsedCallback
 .text.Error_Handler
                0x08000910        0xc ./Core/Src/main.o
                0x08000910                Error_Handler
 .text.setTimer
                0x0800091c       0x40 ./Core/Src/software_timer.o
                0x0800091c                setTimer
 .text.timer_run
                0x0800095c       0x60 ./Core/Src/software_timer.o
                0x0800095c                timer_run
 .text.isTimerExperied
                0x080009bc       0x34 ./Core/Src/software_timer.o
                0x080009bc                isTimerExperied
 .text.HAL_MspInit
                0x080009f0       0x64 ./Core/Src/stm32f1xx_hal_msp.o
                0x080009f0                HAL_MspInit
 .text.HAL_TIM_Base_MspInit
                0x08000a54       0x48 ./Core/Src/stm32f1xx_hal_msp.o
                0x08000a54                HAL_TIM_Base_MspInit
 .text.NMI_Handler
                0x08000a9c        0x8 ./Core/Src/stm32f1xx_it.o
                0x08000a9c                NMI_Handler
 .text.HardFault_Handler
                0x08000aa4        0x8 ./Core/Src/stm32f1xx_it.o
                0x08000aa4                HardFault_Handler
 .text.MemManage_Handler
                0x08000aac        0x8 ./Core/Src/stm32f1xx_it.o
                0x08000aac                MemManage_Handler
 .text.BusFault_Handler
                0x08000ab4        0x8 ./Core/Src/stm32f1xx_it.o
                0x08000ab4                BusFault_Handler
 .text.UsageFault_Handler
                0x08000abc        0x8 ./Core/Src/stm32f1xx_it.o
                0x08000abc                UsageFault_Handler
 .text.SVC_Handler
                0x08000ac4        0xc ./Core/Src/stm32f1xx_it.o
                0x08000ac4                SVC_Handler
 .text.DebugMon_Handler
                0x08000ad0        0xc ./Core/Src/stm32f1xx_it.o
                0x08000ad0                DebugMon_Handler
 .text.PendSV_Handler
                0x08000adc        0xc ./Core/Src/stm32f1xx_it.o
                0x08000adc                PendSV_Handler
 .text.SysTick_Handler
                0x08000ae8        0xc ./Core/Src/stm32f1xx_it.o
                0x08000ae8                SysTick_Handler
 .text.TIM2_IRQHandler
                0x08000af4       0x14 ./Core/Src/stm32f1xx_it.o
                0x08000af4                TIM2_IRQHandler
 .text.SystemInit
                0x08000b08        0xc ./Core/Src/system_stm32f1xx.o
                0x08000b08                SystemInit
 .text.fsm_traffic_run
                0x08000b14      0x4dc ./Core/Src/traffic_light.o
                0x08000b14                fsm_traffic_run
 .text.show_config_val
                0x08000ff0       0x84 ./Core/Src/traffic_light.o
                0x08000ff0                show_config_val
 .text.start_config
                0x08001074       0x54 ./Core/Src/traffic_light.o
 .text.short_press_increase
                0x080010c8       0xa4 ./Core/Src/traffic_light.o
                0x080010c8                short_press_increase
 .text.turn_on_red_grn
                0x0800116c       0x48 ./Core/Src/traffic_light.o
                0x0800116c                turn_on_red_grn
 .text.turn_on_red_yel
                0x080011b4       0x48 ./Core/Src/traffic_light.o
                0x080011b4                turn_on_red_yel
 .text.turn_on_grn_red
                0x080011fc       0x48 ./Core/Src/traffic_light.o
                0x080011fc                turn_on_grn_red
 .text.turn_on_yel_red
                0x08001244       0x48 ./Core/Src/traffic_light.o
                0x08001244                turn_on_yel_red
 .text.turn_red_blinky
                0x0800128c       0x5c ./Core/Src/traffic_light.o
                0x0800128c                turn_red_blinky
 .text.turn_yel_blinky
                0x080012e8       0x5c ./Core/Src/traffic_light.o
                0x080012e8                turn_yel_blinky
 .text.turn_grn_blinky
                0x08001344       0x5c ./Core/Src/traffic_light.o
                0x08001344                turn_grn_blinky
 .text.ensure_red_time
                0x080013a0       0x4c ./Core/Src/traffic_light.o
                0x080013a0                ensure_red_time
 .text.ensure_grn_time
                0x080013ec       0x4c ./Core/Src/traffic_light.o
                0x080013ec                ensure_grn_time
 .text.ensure_yel_time
                0x08001438       0x4c ./Core/Src/traffic_light.o
                0x08001438                ensure_yel_time
 .text.Reset_Handler
                0x08001484       0x48 ./Core/Startup/startup_stm32f103c6tx.o
                0x08001484                Reset_Handler
 .text.Default_Handler
                0x080014cc        0x2 ./Core/Startup/startup_stm32f103c6tx.o
                0x080014cc                RTC_Alarm_IRQHandler
                0x080014cc                EXTI2_IRQHandler
                0x080014cc                TIM1_CC_IRQHandler
                0x080014cc                PVD_IRQHandler
                0x080014cc                EXTI3_IRQHandler
                0x080014cc                EXTI0_IRQHandler
                0x080014cc                ADC1_2_IRQHandler
                0x080014cc                SPI1_IRQHandler
                0x080014cc                TAMPER_IRQHandler
                0x080014cc                DMA1_Channel4_IRQHandler
                0x080014cc                RTC_IRQHandler
                0x080014cc                DMA1_Channel7_IRQHandler
                0x080014cc                CAN1_RX1_IRQHandler
                0x080014cc                I2C1_EV_IRQHandler
                0x080014cc                DMA1_Channel6_IRQHandler
                0x080014cc                TIM3_IRQHandler
                0x080014cc                RCC_IRQHandler
                0x080014cc                TIM1_TRG_COM_IRQHandler
                0x080014cc                DMA1_Channel1_IRQHandler
                0x080014cc                Default_Handler
                0x080014cc                EXTI15_10_IRQHandler
                0x080014cc                EXTI9_5_IRQHandler
                0x080014cc                DMA1_Channel5_IRQHandler
                0x080014cc                EXTI4_IRQHandler
                0x080014cc                USB_LP_CAN1_RX0_IRQHandler
                0x080014cc                USB_HP_CAN1_TX_IRQHandler
                0x080014cc                DMA1_Channel3_IRQHandler
                0x080014cc                TIM1_UP_IRQHandler
                0x080014cc                WWDG_IRQHandler
                0x080014cc                TIM1_BRK_IRQHandler
                0x080014cc                EXTI1_IRQHandler
                0x080014cc                USART2_IRQHandler
                0x080014cc                DMA1_Channel2_IRQHandler
                0x080014cc                CAN1_SCE_IRQHandler
                0x080014cc                FLASH_IRQHandler
                0x080014cc                USART1_IRQHandler
                0x080014cc                I2C1_ER_IRQHandler
                0x080014cc                USBWakeUp_IRQHandler
 *fill*         0x080014ce        0x2 
 .text.HAL_Init
                0x080014d0       0x2c ./Drivers/STM32F1xx_HAL_Driver/Src/stm32f1xx_hal.o
                0x080014d0                HAL_Init
 .text.HAL_InitTick
                0x080014fc       0x60 ./Drivers/STM32F1xx_HAL_Driver/Src/stm32f1xx_hal.o
                0x080014fc                HAL_InitTick
 .text.HAL_IncTick
                0x0800155c       0x24 ./Drivers/STM32F1xx_HAL_Driver/Src/stm32f1xx_hal.o
                0x0800155c                HAL_IncTick
 .text.HAL_GetTick
                0x08001580       0x14 ./Drivers/STM32F1xx_HAL_Driver/Src/stm32f1xx_hal.o
                0x08001580                HAL_GetTick
 .text.__NVIC_SetPriorityGrouping
                0x08001594       0x48 ./Drivers/STM32F1xx_HAL_Driver/Src/stm32f1xx_hal_cortex.o
 .text.__NVIC_GetPriorityGrouping
                0x080015dc       0x1c ./Drivers/STM32F1xx_HAL_Driver/Src/stm32f1xx_hal_cortex.o
 .text.__NVIC_EnableIRQ
                0x080015f8       0x38 ./Drivers/STM32F1xx_HAL_Driver/Src/stm32f1xx_hal_cortex.o
 .text.__NVIC_SetPriority
                0x08001630       0x54 ./Drivers/STM32F1xx_HAL_Driver/Src/stm32f1xx_hal_cortex.o
 .text.NVIC_EncodePriority
                0x08001684       0x64 ./Drivers/STM32F1xx_HAL_Driver/Src/stm32f1xx_hal_cortex.o
 .text.SysTick_Config
                0x080016e8       0x44 ./Drivers/STM32F1xx_HAL_Driver/Src/stm32f1xx_hal_cortex.o
 .text.HAL_NVIC_SetPriorityGrouping
                0x0800172c       0x16 ./Drivers/STM32F1xx_HAL_Driver/Src/stm32f1xx_hal_cortex.o
                0x0800172c                HAL_NVIC_SetPriorityGrouping
 .text.HAL_NVIC_SetPriority
                0x08001742       0x38 ./Drivers/STM32F1xx_HAL_Driver/Src/stm32f1xx_hal_cortex.o
                0x08001742                HAL_NVIC_SetPriority
 .text.HAL_NVIC_EnableIRQ
                0x0800177a       0x1c ./Drivers/STM32F1xx_HAL_Driver/Src/stm32f1xx_hal_cortex.o
                0x0800177a                HAL_NVIC_EnableIRQ
 .text.HAL_SYSTICK_Config
                0x08001796       0x18 ./Drivers/STM32F1xx_HAL_Driver/Src/stm32f1xx_hal_cortex.o
                0x08001796                HAL_SYSTICK_Config
 *fill*         0x080017ae        0x2 
 .text.HAL_GPIO_Init
                0x080017b0      0x2f8 ./Drivers/STM32F1xx_HAL_Driver/Src/stm32f1xx_hal_gpio.o
                0x080017b0                HAL_GPIO_Init
 .text.HAL_GPIO_ReadPin
                0x08001aa8       0x2e ./Drivers/STM32F1xx_HAL_Driver/Src/stm32f1xx_hal_gpio.o
                0x08001aa8                HAL_GPIO_ReadPin
 .text.HAL_GPIO_WritePin
                0x08001ad6       0x30 ./Drivers/STM32F1xx_HAL_Driver/Src/stm32f1xx_hal_gpio.o
                0x08001ad6                HAL_GPIO_WritePin
 .text.HAL_GPIO_TogglePin
                0x08001b06       0x32 ./Drivers/STM32F1xx_HAL_Driver/Src/stm32f1xx_hal_gpio.o
                0x08001b06                HAL_GPIO_TogglePin
 .text.HAL_RCC_OscConfig
                0x08001b38      0x504 ./Drivers/STM32F1xx_HAL_Driver/Src/stm32f1xx_hal_rcc.o
                0x08001b38                HAL_RCC_OscConfig
 .text.HAL_RCC_ClockConfig
                0x0800203c      0x1d4 ./Drivers/STM32F1xx_HAL_Driver/Src/stm32f1xx_hal_rcc.o
                0x0800203c                HAL_RCC_ClockConfig
 .text.HAL_RCC_GetSysClockFreq
                0x08002210       0xa8 ./Drivers/STM32F1xx_HAL_Driver/Src/stm32f1xx_hal_rcc.o
                0x08002210                HAL_RCC_GetSysClockFreq
 .text.RCC_Delay
                0x080022b8       0x3c ./Drivers/STM32F1xx_HAL_Driver/Src/stm32f1xx_hal_rcc.o
 .text.HAL_TIM_Base_Init
                0x080022f4       0x9e ./Drivers/STM32F1xx_HAL_Driver/Src/stm32f1xx_hal_tim.o
                0x080022f4                HAL_TIM_Base_Init
 *fill*         0x08002392        0x2 
 .text.HAL_TIM_Base_Start_IT
                0x08002394       0x98 ./Drivers/STM32F1xx_HAL_Driver/Src/stm32f1xx_hal_tim.o
                0x08002394                HAL_TIM_Base_Start_IT
 .text.HAL_TIM_IRQHandler
                0x0800242c      0x1e0 ./Drivers/STM32F1xx_HAL_Driver/Src/stm32f1xx_hal_tim.o
                0x0800242c                HAL_TIM_IRQHandler
 .text.HAL_TIM_ConfigClockSource
                0x0800260c      0x18e ./Drivers/STM32F1xx_HAL_Driver/Src/stm32f1xx_hal_tim.o
                0x0800260c                HAL_TIM_ConfigClockSource
 .text.HAL_TIM_OC_DelayElapsedCallback
                0x0800279a       0x12 ./Drivers/STM32F1xx_HAL_Driver/Src/stm32f1xx_hal_tim.o
                0x0800279a                HAL_TIM_OC_DelayElapsedCallback
 .text.HAL_TIM_IC_CaptureCallback
                0x080027ac       0x12 ./Drivers/STM32F1xx_HAL_Driver/Src/stm32f1xx_hal_tim.o
                0x080027ac                HAL_TIM_IC_CaptureCallback
 .text.HAL_TIM_PWM_PulseFinishedCallback
                0x080027be       0x12 ./Drivers/STM32F1xx_HAL_Driver/Src/stm32f1xx_hal_tim.o
                0x080027be                HAL_TIM_PWM_PulseFinishedCallback
 .text.HAL_TIM_TriggerCallback
                0x080027d0       0x12 ./Drivers/STM32F1xx_HAL_Driver/Src/stm32f1xx_hal_tim.o
                0x080027d0                HAL_TIM_TriggerCallback
 *fill*         0x080027e2        0x2 
 .text.TIM_Base_SetConfig
                0x080027e4       0xc8 ./Drivers/STM32F1xx_HAL_Driver/Src/stm32f1xx_hal_tim.o
                0x080027e4                TIM_Base_SetConfig
 .text.TIM_TI1_ConfigInputStage
                0x080028ac       0x5c ./Drivers/STM32F1xx_HAL_Driver/Src/stm32f1xx_hal_tim.o
 .text.TIM_TI2_ConfigInputStage
                0x08002908       0x5e ./Drivers/STM32F1xx_HAL_Driver/Src/stm32f1xx_hal_tim.o
 .text.TIM_ITRx_SetConfig
                0x08002966       0x34 ./Drivers/STM32F1xx_HAL_Driver/Src/stm32f1xx_hal_tim.o
 .text.TIM_ETR_SetConfig
                0x0800299a       0x3e ./Drivers/STM32F1xx_HAL_Driver/Src/stm32f1xx_hal_tim.o
                0x0800299a                TIM_ETR_SetConfig
 .text.HAL_TIMEx_MasterConfigSynchronization
                0x080029d8       0xb0 ./Drivers/STM32F1xx_HAL_Driver/Src/stm32f1xx_hal_tim_ex.o
                0x080029d8                HAL_TIMEx_MasterConfigSynchronization
 .text.HAL_TIMEx_CommutCallback
                0x08002a88       0x12 ./Drivers/STM32F1xx_HAL_Driver/Src/stm32f1xx_hal_tim_ex.o
                0x08002a88                HAL_TIMEx_CommutCallback
 .text.HAL_TIMEx_BreakCallback
                0x08002a9a       0x12 ./Drivers/STM32F1xx_HAL_Driver/Src/stm32f1xx_hal_tim_ex.o
                0x08002a9a                HAL_TIMEx_BreakCallback
 .text.memset   0x08002aac       0x10 D:/STM32CubeIDE_1.19.0/STM32CubeIDE/plugins/com.st.stm32cube.ide.mcu.externaltools.gnu-tools-for-stm32.13.3.rel1.win32_1.0.0.202411081344/tools/bin/../lib/gcc/arm-none-eabi/13.3.1/../../../../arm-none-eabi/lib/thumb/v7-m/nofp\libc_nano.a(libc_a-memset.o)
                0x08002aac                memset
 .text.__libc_init_array
                0x08002abc       0x48 D:/STM32CubeIDE_1.19.0/STM32CubeIDE/plugins/com.st.stm32cube.ide.mcu.externaltools.gnu-tools-for-stm32.13.3.rel1.win32_1.0.0.202411081344/tools/bin/../lib/gcc/arm-none-eabi/13.3.1/../../../../arm-none-eabi/lib/thumb/v7-m/nofp\libc_nano.a(libc_a-init.o)
                0x08002abc                __libc_init_array
 *(.glue_7)
 .glue_7        0x08002b04        0x0 linker stubs
 *(.glue_7t)
 .glue_7t       0x08002b04        0x0 linker stubs
 *(.eh_frame)
 .eh_frame      0x08002b04        0x0 D:/STM32CubeIDE_1.19.0/STM32CubeIDE/plugins/com.st.stm32cube.ide.mcu.externaltools.gnu-tools-for-stm32.13.3.rel1.win32_1.0.0.202411081344/tools/bin/../lib/gcc/arm-none-eabi/13.3.1/thumb/v7-m/nofp/crtbegin.o
 *(.init)
 .init          0x08002b04        0x4 D:/STM32CubeIDE_1.19.0/STM32CubeIDE/plugins/com.st.stm32cube.ide.mcu.externaltools.gnu-tools-for-stm32.13.3.rel1.win32_1.0.0.202411081344/tools/bin/../lib/gcc/arm-none-eabi/13.3.1/thumb/v7-m/nofp/crti.o
                0x08002b04                _init
 .init          0x08002b08        0x8 D:/STM32CubeIDE_1.19.0/STM32CubeIDE/plugins/com.st.stm32cube.ide.mcu.externaltools.gnu-tools-for-stm32.13.3.rel1.win32_1.0.0.202411081344/tools/bin/../lib/gcc/arm-none-eabi/13.3.1/thumb/v7-m/nofp/crtn.o
 *(.fini)
 .fini          0x08002b10        0x4 D:/STM32CubeIDE_1.19.0/STM32CubeIDE/plugins/com.st.stm32cube.ide.mcu.externaltools.gnu-tools-for-stm32.13.3.rel1.win32_1.0.0.202411081344/tools/bin/../lib/gcc/arm-none-eabi/13.3.1/thumb/v7-m/nofp/crti.o
                0x08002b10                _fini
 .fini          0x08002b14        0x8 D:/STM32CubeIDE_1.19.0/STM32CubeIDE/plugins/com.st.stm32cube.ide.mcu.externaltools.gnu-tools-for-stm32.13.3.rel1.win32_1.0.0.202411081344/tools/bin/../lib/gcc/arm-none-eabi/13.3.1/thumb/v7-m/nofp/crtn.o
                0x08002b1c                        . = ALIGN (0x4)
                0x08002b1c                        _etext = .

.vfp11_veneer   0x08002b1c        0x0
 .vfp11_veneer  0x08002b1c        0x0 linker stubs

.v4_bx          0x08002b1c        0x0
 .v4_bx         0x08002b1c        0x0 linker stubs

.iplt           0x08002b1c        0x0
 .iplt          0x08002b1c        0x0 D:/STM32CubeIDE_1.19.0/STM32CubeIDE/plugins/com.st.stm32cube.ide.mcu.externaltools.gnu-tools-for-stm32.13.3.rel1.win32_1.0.0.202411081344/tools/bin/../lib/gcc/arm-none-eabi/13.3.1/thumb/v7-m/nofp/crtbegin.o

.rodata         0x08002b1c       0x24
                0x08002b1c                        . = ALIGN (0x4)
 *(.rodata)
 *(.rodata*)
 .rodata.AHBPrescTable
                0x08002b1c       0x10 ./Core/Src/system_stm32f1xx.o
                0x08002b1c                AHBPrescTable
 .rodata.aPLLMULFactorTable.1
                0x08002b2c       0x10 ./Drivers/STM32F1xx_HAL_Driver/Src/stm32f1xx_hal_rcc.o
 .rodata.aPredivFactorTable.0
                0x08002b3c        0x2 ./Drivers/STM32F1xx_HAL_Driver/Src/stm32f1xx_hal_rcc.o
                0x08002b40                        . = ALIGN (0x4)
 *fill*         0x08002b3e        0x2 

.ARM.extab      0x08002b40        0x0
                0x08002b40                        . = ALIGN (0x4)
 *(.ARM.extab* .gnu.linkonce.armextab.*)
                0x08002b40                        . = ALIGN (0x4)

.ARM            0x08002b40        0x0
                0x08002b40                        . = ALIGN (0x4)
                0x08002b40                        __exidx_start = .
 *(.ARM.exidx*)
                0x08002b40                        __exidx_end = .
                0x08002b40                        . = ALIGN (0x4)

.preinit_array  0x08002b40        0x0
                0x08002b40                        . = ALIGN (0x4)
                0x08002b40                        PROVIDE (__preinit_array_start = .)
 *(.preinit_array*)
                0x08002b40                        PROVIDE (__preinit_array_end = .)
                0x08002b40                        . = ALIGN (0x4)

.init_array     0x08002b40        0x4
                0x08002b40                        . = ALIGN (0x4)
                0x08002b40                        PROVIDE (__init_array_start = .)
 *(SORT_BY_NAME(.init_array.*))
 *(.init_array*)
 .init_array    0x08002b40        0x4 D:/STM32CubeIDE_1.19.0/STM32CubeIDE/plugins/com.st.stm32cube.ide.mcu.externaltools.gnu-tools-for-stm32.13.3.rel1.win32_1.0.0.202411081344/tools/bin/../lib/gcc/arm-none-eabi/13.3.1/thumb/v7-m/nofp/crtbegin.o
                0x08002b44                        PROVIDE (__init_array_end = .)
                0x08002b44                        . = ALIGN (0x4)

.fini_array     0x08002b44        0x4
                0x08002b44                        . = ALIGN (0x4)
                [!provide]                        PROVIDE (__fini_array_start = .)
 *(SORT_BY_NAME(.fini_array.*))
 *(.fini_array*)
 .fini_array    0x08002b44        0x4 D:/STM32CubeIDE_1.19.0/STM32CubeIDE/plugins/com.st.stm32cube.ide.mcu.externaltools.gnu-tools-for-stm32.13.3.rel1.win32_1.0.0.202411081344/tools/bin/../lib/gcc/arm-none-eabi/13.3.1/thumb/v7-m/nofp/crtbegin.o
                [!provide]                        PROVIDE (__fini_array_end = .)
                0x08002b48                        . = ALIGN (0x4)
                0x08002b48                        _sidata = LOADADDR (.data)

.rel.dyn        0x08002b48        0x0
 .rel.iplt      0x08002b48        0x0 D:/STM32CubeIDE_1.19.0/STM32CubeIDE/plugins/com.st.stm32cube.ide.mcu.externaltools.gnu-tools-for-stm32.13.3.rel1.win32_1.0.0.202411081344/tools/bin/../lib/gcc/arm-none-eabi/13.3.1/thumb/v7-m/nofp/crtbegin.o

.data           0x20000000       0x34 load address 0x08002b48
                0x20000000                        . = ALIGN (0x4)
                0x20000000                        _sdata = .
 *(.data)
 *(.data*)
 .data.digit    0x20000000        0xa ./Core/Src/display7SEG.o
                0x20000000                digit
 *fill*         0x2000000a        0x2 
 .data.counter  0x2000000c        0x4 ./Core/Src/main.o
                0x2000000c                counter
 .data.SystemCoreClock
                0x20000010        0x4 ./Core/Src/system_stm32f1xx.o
                0x20000010                SystemCoreClock
 .data.red      0x20000014        0x4 ./Core/Src/traffic_light.o
                0x20000014                red
 .data.grn      0x20000018        0x4 ./Core/Src/traffic_light.o
                0x20000018                grn
 .data.yel      0x2000001c        0x4 ./Core/Src/traffic_light.o
                0x2000001c                yel
 .data.tmp_red  0x20000020        0x4 ./Core/Src/traffic_light.o
                0x20000020                tmp_red
 .data.tmp_grn  0x20000024        0x4 ./Core/Src/traffic_light.o
                0x20000024                tmp_grn
 .data.tmp_yel  0x20000028        0x4 ./Core/Src/traffic_light.o
                0x20000028                tmp_yel
 .data.uwTickPrio
                0x2000002c        0x4 ./Drivers/STM32F1xx_HAL_Driver/Src/stm32f1xx_hal.o
                0x2000002c                uwTickPrio
 .data.uwTickFreq
                0x20000030        0x1 ./Drivers/STM32F1xx_HAL_Driver/Src/stm32f1xx_hal.o
                0x20000030                uwTickFreq
 *(.RamFunc)
 *(.RamFunc*)
                0x20000034                        . = ALIGN (0x4)
 *fill*         0x20000031        0x3 
                0x20000034                        _edata = .

.igot.plt       0x20000034        0x0 load address 0x08002b7c
 .igot.plt      0x20000034        0x0 D:/STM32CubeIDE_1.19.0/STM32CubeIDE/plugins/com.st.stm32cube.ide.mcu.externaltools.gnu-tools-for-stm32.13.3.rel1.win32_1.0.0.202411081344/tools/bin/../lib/gcc/arm-none-eabi/13.3.1/thumb/v7-m/nofp/crtbegin.o
                0x20000034                        . = ALIGN (0x4)

.bss            0x20000034       0xd4 load address 0x08002b7c
                0x20000034                        _sbss = .
                0x20000034                        __bss_start__ = _sbss
 *(.bss)
 .bss           0x20000034       0x1c D:/STM32CubeIDE_1.19.0/STM32CubeIDE/plugins/com.st.stm32cube.ide.mcu.externaltools.gnu-tools-for-stm32.13.3.rel1.win32_1.0.0.202411081344/tools/bin/../lib/gcc/arm-none-eabi/13.3.1/thumb/v7-m/nofp/crtbegin.o
 *(.bss*)
 .bss.led_buffer
                0x20000050       0x10 ./Core/Src/display7SEG.o
                0x20000050                led_buffer
 .bss.buttonState
                0x20000060        0x1 ./Core/Src/input_processing.o
                0x20000060                buttonState
 *fill*         0x20000061        0x3 
 .bss.buttonBuffer
                0x20000064        0x3 ./Core/Src/input_reading.o
 *fill*         0x20000067        0x1 
 .bss.debounceButtonBuffer1
                0x20000068        0x3 ./Core/Src/input_reading.o
 *fill*         0x2000006b        0x1 
 .bss.debounceButtonBuffer2
                0x2000006c        0x3 ./Core/Src/input_reading.o
 *fill*         0x2000006f        0x1 
 .bss.debounceButtonBuffer3
                0x20000070        0x3 ./Core/Src/input_reading.o
 *fill*         0x20000073        0x1 
 .bss.lastStable
                0x20000074        0x3 ./Core/Src/input_reading.o
 *fill*         0x20000077        0x1 
 .bss.flagForButtonPress1s
                0x20000078        0x3 ./Core/Src/input_reading.o
 *fill*         0x2000007b        0x1 
 .bss.pressed_flag
                0x2000007c        0x3 ./Core/Src/input_reading.o
 *fill*         0x2000007f        0x1 
 .bss.counterForButtonPress1s
                0x20000080        0x6 ./Core/Src/input_reading.o
 *fill*         0x20000086        0x2 
 .bss.htim2     0x20000088       0x48 ./Core/Src/main.o
                0x20000088                htim2
 .bss.cur       0x200000d0        0x4 ./Core/Src/main.o
                0x200000d0                cur
 .bss.timer_flag
                0x200000d4       0x10 ./Core/Src/software_timer.o
                0x200000d4                timer_flag
 .bss.timer_counter
                0x200000e4       0x10 ./Core/Src/software_timer.o
                0x200000e4                timer_counter
 .bss.status    0x200000f4        0x1 ./Core/Src/traffic_light.o
 *fill*         0x200000f5        0x3 
 .bss.counter1  0x200000f8        0x4 ./Core/Src/traffic_light.o
                0x200000f8                counter1
 .bss.counter2  0x200000fc        0x4 ./Core/Src/traffic_light.o
                0x200000fc                counter2
 .bss.configue  0x20000100        0x4 ./Core/Src/traffic_light.o
                0x20000100                configue
 .bss.uwTick    0x20000104        0x4 ./Drivers/STM32F1xx_HAL_Driver/Src/stm32f1xx_hal.o
                0x20000104                uwTick
 *(COMMON)
                0x20000108                        . = ALIGN (0x4)
                0x20000108                        _ebss = .
                0x20000108                        __bss_end__ = _ebss

._user_heap_stack
                0x20000108      0x600 load address 0x08002b7c
                0x20000108                        . = ALIGN (0x8)
                [!provide]                        PROVIDE (end = .)
                0x20000108                        PROVIDE (_end = .)
                0x20000308                        . = (. + _Min_Heap_Size)
 *fill*         0x20000108      0x200 
                0x20000708                        . = (. + _Min_Stack_Size)
 *fill*         0x20000308      0x400 
                0x20000708                        . = ALIGN (0x8)

/DISCARD/
 libc.a(*)
 libm.a(*)
 libgcc.a(*)

.ARM.attributes
                0x00000000       0x29
 *(.ARM.attributes)
 .ARM.attributes
                0x00000000       0x1d D:/STM32CubeIDE_1.19.0/STM32CubeIDE/plugins/com.st.stm32cube.ide.mcu.externaltools.gnu-tools-for-stm32.13.3.rel1.win32_1.0.0.202411081344/tools/bin/../lib/gcc/arm-none-eabi/13.3.1/thumb/v7-m/nofp/crti.o
 .ARM.attributes
                0x0000001d       0x2d D:/STM32CubeIDE_1.19.0/STM32CubeIDE/plugins/com.st.stm32cube.ide.mcu.externaltools.gnu-tools-for-stm32.13.3.rel1.win32_1.0.0.202411081344/tools/bin/../lib/gcc/arm-none-eabi/13.3.1/thumb/v7-m/nofp/crtbegin.o
 .ARM.attributes
                0x0000004a       0x2d ./Core/Src/display7SEG.o
 .ARM.attributes
                0x00000077       0x2d ./Core/Src/input_processing.o
 .ARM.attributes
                0x000000a4       0x2d ./Core/Src/input_reading.o
 .ARM.attributes
                0x000000d1       0x2d ./Core/Src/main.o
 .ARM.attributes
                0x000000fe       0x2d ./Core/Src/software_timer.o
 .ARM.attributes
                0x0000012b       0x2d ./Core/Src/stm32f1xx_hal_msp.o
 .ARM.attributes
                0x00000158       0x2d ./Core/Src/stm32f1xx_it.o
 .ARM.attributes
                0x00000185       0x2d ./Core/Src/system_stm32f1xx.o
 .ARM.attributes
                0x000001b2       0x2d ./Core/Src/traffic_light.o
 .ARM.attributes
                0x000001df       0x21 ./Core/Startup/startup_stm32f103c6tx.o
 .ARM.attributes
                0x00000200       0x2d ./Drivers/STM32F1xx_HAL_Driver/Src/stm32f1xx_hal.o
 .ARM.attributes
                0x0000022d       0x2d ./Drivers/STM32F1xx_HAL_Driver/Src/stm32f1xx_hal_cortex.o
 .ARM.attributes
                0x0000025a       0x2d ./Drivers/STM32F1xx_HAL_Driver/Src/stm32f1xx_hal_gpio.o
 .ARM.attributes
                0x00000287       0x2d ./Drivers/STM32F1xx_HAL_Driver/Src/stm32f1xx_hal_rcc.o
 .ARM.attributes
                0x000002b4       0x2d ./Drivers/STM32F1xx_HAL_Driver/Src/stm32f1xx_hal_tim.o
 .ARM.attributes
                0x000002e1       0x2d ./Drivers/STM32F1xx_HAL_Driver/Src/stm32f1xx_hal_tim_ex.o
 .ARM.attributes
                0x0000030e       0x2d D:/STM32CubeIDE_1.19.0/STM32CubeIDE/plugins/com.st.stm32cube.ide.mcu.externaltools.gnu-tools-for-stm32.13.3.rel1.win32_1.0.0.202411081344/tools/bin/../lib/gcc/arm-none-eabi/13.3.1/../../../../arm-none-eabi/lib/thumb/v7-m/nofp\libc_nano.a(libc_a-memset.o)
 .ARM.attributes
                0x0000033b       0x2d D:/STM32CubeIDE_1.19.0/STM32CubeIDE/plugins/com.st.stm32cube.ide.mcu.externaltools.gnu-tools-for-stm32.13.3.rel1.win32_1.0.0.202411081344/tools/bin/../lib/gcc/arm-none-eabi/13.3.1/../../../../arm-none-eabi/lib/thumb/v7-m/nofp\libc_nano.a(libc_a-init.o)
 .ARM.attributes
                0x00000368       0x1d D:/STM32CubeIDE_1.19.0/STM32CubeIDE/plugins/com.st.stm32cube.ide.mcu.externaltools.gnu-tools-for-stm32.13.3.rel1.win32_1.0.0.202411081344/tools/bin/../lib/gcc/arm-none-eabi/13.3.1/thumb/v7-m/nofp/crtn.o
OUTPUT(Lab3_v2.elf elf32-littlearm)
LOAD linker stubs
LOAD D:/STM32CubeIDE_1.19.0/STM32CubeIDE/plugins/com.st.stm32cube.ide.mcu.externaltools.gnu-tools-for-stm32.13.3.rel1.win32_1.0.0.202411081344/tools/bin/../lib/gcc/arm-none-eabi/13.3.1/../../../../arm-none-eabi/lib/thumb/v7-m/nofp\libc.a
LOAD D:/STM32CubeIDE_1.19.0/STM32CubeIDE/plugins/com.st.stm32cube.ide.mcu.externaltools.gnu-tools-for-stm32.13.3.rel1.win32_1.0.0.202411081344/tools/bin/../lib/gcc/arm-none-eabi/13.3.1/../../../../arm-none-eabi/lib/thumb/v7-m/nofp\libm.a
LOAD D:/STM32CubeIDE_1.19.0/STM32CubeIDE/plugins/com.st.stm32cube.ide.mcu.externaltools.gnu-tools-for-stm32.13.3.rel1.win32_1.0.0.202411081344/tools/bin/../lib/gcc/arm-none-eabi/13.3.1/thumb/v7-m/nofp\libgcc.a

.debug_info     0x00000000     0x8688
 .debug_info    0x00000000      0x298 ./Core/Src/display7SEG.o
 .debug_info    0x00000298      0x14c ./Core/Src/input_processing.o
 .debug_info    0x000003e4      0x305 ./Core/Src/input_reading.o
 .debug_info    0x000006e9      0xbc6 ./Core/Src/main.o
 .debug_info    0x000012af      0x12e ./Core/Src/software_timer.o
 .debug_info    0x000013dd      0x91a ./Core/Src/stm32f1xx_hal_msp.o
 .debug_info    0x00001cf7      0x6a1 ./Core/Src/stm32f1xx_it.o
 .debug_info    0x00002398      0x222 ./Core/Src/system_stm32f1xx.o
 .debug_info    0x000025ba      0x3db ./Core/Src/traffic_light.o
 .debug_info    0x00002995       0x30 ./Core/Startup/startup_stm32f103c6tx.o
 .debug_info    0x000029c5      0x6e6 ./Drivers/STM32F1xx_HAL_Driver/Src/stm32f1xx_hal.o
 .debug_info    0x000030ab      0xa69 ./Drivers/STM32F1xx_HAL_Driver/Src/stm32f1xx_hal_cortex.o
 .debug_info    0x00003b14      0x5ab ./Drivers/STM32F1xx_HAL_Driver/Src/stm32f1xx_hal_gpio.o
 .debug_info    0x000040bf      0x7d5 ./Drivers/STM32F1xx_HAL_Driver/Src/stm32f1xx_hal_rcc.o
 .debug_info    0x00004894     0x2959 ./Drivers/STM32F1xx_HAL_Driver/Src/stm32f1xx_hal_tim.o
 .debug_info    0x000071ed     0x149b ./Drivers/STM32F1xx_HAL_Driver/Src/stm32f1xx_hal_tim_ex.o

.debug_abbrev   0x00000000     0x1c88
 .debug_abbrev  0x00000000      0x1a6 ./Core/Src/display7SEG.o
 .debug_abbrev  0x000001a6       0xcc ./Core/Src/input_processing.o
 .debug_abbrev  0x00000272      0x17f ./Core/Src/input_reading.o
 .debug_abbrev  0x000003f1      0x2d7 ./Core/Src/main.o
 .debug_abbrev  0x000006c8       0xce ./Core/Src/software_timer.o
 .debug_abbrev  0x00000796      0x1ad ./Core/Src/stm32f1xx_hal_msp.o
 .debug_abbrev  0x00000943      0x191 ./Core/Src/stm32f1xx_it.o
 .debug_abbrev  0x00000ad4      0x13f ./Core/Src/system_stm32f1xx.o
 .debug_abbrev  0x00000c13      0x1e2 ./Core/Src/traffic_light.o
 .debug_abbrev  0x00000df5       0x24 ./Core/Startup/startup_stm32f103c6tx.o
 .debug_abbrev  0x00000e19      0x201 ./Drivers/STM32F1xx_HAL_Driver/Src/stm32f1xx_hal.o
 .debug_abbrev  0x0000101a      0x2f8 ./Drivers/STM32F1xx_HAL_Driver/Src/stm32f1xx_hal_cortex.o
 .debug_abbrev  0x00001312      0x1ca ./Drivers/STM32F1xx_HAL_Driver/Src/stm32f1xx_hal_gpio.o
 .debug_abbrev  0x000014dc      0x2b3 ./Drivers/STM32F1xx_HAL_Driver/Src/stm32f1xx_hal_rcc.o
 .debug_abbrev  0x0000178f      0x277 ./Drivers/STM32F1xx_HAL_Driver/Src/stm32f1xx_hal_tim.o
 .debug_abbrev  0x00001a06      0x282 ./Drivers/STM32F1xx_HAL_Driver/Src/stm32f1xx_hal_tim_ex.o

.debug_aranges  0x00000000      0xa88
 .debug_aranges
                0x00000000       0x38 ./Core/Src/display7SEG.o
 .debug_aranges
                0x00000038       0x20 ./Core/Src/input_processing.o
 .debug_aranges
                0x00000058       0x40 ./Core/Src/input_reading.o
 .debug_aranges
                0x00000098       0x48 ./Core/Src/main.o
 .debug_aranges
                0x000000e0       0x30 ./Core/Src/software_timer.o
 .debug_aranges
                0x00000110       0x30 ./Core/Src/stm32f1xx_hal_msp.o
 .debug_aranges
                0x00000140       0x68 ./Core/Src/stm32f1xx_it.o
 .debug_aranges
                0x000001a8       0x28 ./Core/Src/system_stm32f1xx.o
 .debug_aranges
                0x000001d0       0x90 ./Core/Src/traffic_light.o
 .debug_aranges
                0x00000260       0x28 ./Core/Startup/startup_stm32f103c6tx.o
 .debug_aranges
                0x00000288       0xe0 ./Drivers/STM32F1xx_HAL_Driver/Src/stm32f1xx_hal.o
 .debug_aranges
                0x00000368      0x100 ./Drivers/STM32F1xx_HAL_Driver/Src/stm32f1xx_hal_cortex.o
 .debug_aranges
                0x00000468       0x58 ./Drivers/STM32F1xx_HAL_Driver/Src/stm32f1xx_hal_gpio.o
 .debug_aranges
                0x000004c0       0x90 ./Drivers/STM32F1xx_HAL_Driver/Src/stm32f1xx_hal_rcc.o
 .debug_aranges
                0x00000550      0x3d0 ./Drivers/STM32F1xx_HAL_Driver/Src/stm32f1xx_hal_tim.o
 .debug_aranges
                0x00000920      0x168 ./Drivers/STM32F1xx_HAL_Driver/Src/stm32f1xx_hal_tim_ex.o

.debug_rnglists
                0x00000000      0x807
 .debug_rnglists
                0x00000000       0x28 ./Core/Src/display7SEG.o
 .debug_rnglists
                0x00000028       0x14 ./Core/Src/input_processing.o
 .debug_rnglists
                0x0000003c       0x2c ./Core/Src/input_reading.o
 .debug_rnglists
                0x00000068       0x33 ./Core/Src/main.o
 .debug_rnglists
                0x0000009b       0x1f ./Core/Src/software_timer.o
 .debug_rnglists
                0x000000ba       0x1f ./Core/Src/stm32f1xx_hal_msp.o
 .debug_rnglists
                0x000000d9       0x49 ./Core/Src/stm32f1xx_it.o
 .debug_rnglists
                0x00000122       0x1a ./Core/Src/system_stm32f1xx.o
 .debug_rnglists
                0x0000013c       0x6a ./Core/Src/traffic_light.o
 .debug_rnglists
                0x000001a6       0x19 ./Core/Startup/startup_stm32f103c6tx.o
 .debug_rnglists
                0x000001bf       0xa3 ./Drivers/STM32F1xx_HAL_Driver/Src/stm32f1xx_hal.o
 .debug_rnglists
                0x00000262       0xbb ./Drivers/STM32F1xx_HAL_Driver/Src/stm32f1xx_hal_cortex.o
 .debug_rnglists
                0x0000031d       0x3f ./Drivers/STM32F1xx_HAL_Driver/Src/stm32f1xx_hal_gpio.o
 .debug_rnglists
                0x0000035c       0x6c ./Drivers/STM32F1xx_HAL_Driver/Src/stm32f1xx_hal_rcc.o
 .debug_rnglists
                0x000003c8      0x31a ./Drivers/STM32F1xx_HAL_Driver/Src/stm32f1xx_hal_tim.o
 .debug_rnglists
                0x000006e2      0x125 ./Drivers/STM32F1xx_HAL_Driver/Src/stm32f1xx_hal_tim_ex.o

.debug_macro    0x00000000    0x16c6e
 .debug_macro   0x00000000      0x1be ./Core/Src/display7SEG.o
 .debug_macro   0x000001be      0xacc ./Core/Src/display7SEG.o
 .debug_macro   0x00000c8a      0x215 ./Core/Src/display7SEG.o
 .debug_macro   0x00000e9f       0x2e ./Core/Src/display7SEG.o
 .debug_macro   0x00000ecd       0x22 ./Core/Src/display7SEG.o
 .debug_macro   0x00000eef       0x22 ./Core/Src/display7SEG.o
 .debug_macro   0x00000f11       0x8e ./Core/Src/display7SEG.o
 .debug_macro   0x00000f9f       0x51 ./Core/Src/display7SEG.o
 .debug_macro   0x00000ff0      0x103 ./Core/Src/display7SEG.o
 .debug_macro   0x000010f3       0x6a ./Core/Src/display7SEG.o
 .debug_macro   0x0000115d      0x1df ./Core/Src/display7SEG.o
 .debug_macro   0x0000133c       0x1c ./Core/Src/display7SEG.o
 .debug_macro   0x00001358       0x22 ./Core/Src/display7SEG.o
 .debug_macro   0x0000137a       0xbd ./Core/Src/display7SEG.o
 .debug_macro   0x00001437      0xd23 ./Core/Src/display7SEG.o
 .debug_macro   0x0000215a     0xde75 ./Core/Src/display7SEG.o
 .debug_macro   0x0000ffcf       0x6d ./Core/Src/display7SEG.o
 .debug_macro   0x0001003c     0x34a2 ./Core/Src/display7SEG.o
 .debug_macro   0x000134de      0x190 ./Core/Src/display7SEG.o
 .debug_macro   0x0001366e       0x5c ./Core/Src/display7SEG.o
 .debug_macro   0x000136ca      0x5bc ./Core/Src/display7SEG.o
 .debug_macro   0x00013c86      0x1b7 ./Core/Src/display7SEG.o
 .debug_macro   0x00013e3d      0x1cb ./Core/Src/display7SEG.o
 .debug_macro   0x00014008      0x114 ./Core/Src/display7SEG.o
 .debug_macro   0x0001411c      0x1b2 ./Core/Src/display7SEG.o
 .debug_macro   0x000142ce       0x27 ./Core/Src/display7SEG.o
 .debug_macro   0x000142f5      0x12f ./Core/Src/display7SEG.o
 .debug_macro   0x00014424      0x1bc ./Core/Src/display7SEG.o
 .debug_macro   0x000145e0       0x34 ./Core/Src/display7SEG.o
 .debug_macro   0x00014614       0x3c ./Core/Src/display7SEG.o
 .debug_macro   0x00014650       0x57 ./Core/Src/display7SEG.o
 .debug_macro   0x000146a7       0x87 ./Core/Src/display7SEG.o
 .debug_macro   0x0001472e      0x183 ./Core/Src/display7SEG.o
 .debug_macro   0x000148b1      0x140 ./Core/Src/display7SEG.o
 .debug_macro   0x000149f1      0x8ed ./Core/Src/display7SEG.o
 .debug_macro   0x000152de       0x69 ./Core/Src/display7SEG.o
 .debug_macro   0x00015347      0x10c ./Core/Src/display7SEG.o
 .debug_macro   0x00015453      0x1c8 ./Core/Src/input_processing.o
 .debug_macro   0x0001561b      0x1cc ./Core/Src/input_reading.o
 .debug_macro   0x000157e7      0x1e0 ./Core/Src/main.o
 .debug_macro   0x000159c7      0x1bc ./Core/Src/software_timer.o
 .debug_macro   0x00015b83      0x1a6 ./Core/Src/stm32f1xx_hal_msp.o
 .debug_macro   0x00015d29      0x1b0 ./Core/Src/stm32f1xx_it.o
 .debug_macro   0x00015ed9      0x197 ./Core/Src/system_stm32f1xx.o
 .debug_macro   0x00016070      0x1d2 ./Core/Src/traffic_light.o
 .debug_macro   0x00016242      0x1bb ./Drivers/STM32F1xx_HAL_Driver/Src/stm32f1xx_hal.o
 .debug_macro   0x000163fd      0x197 ./Drivers/STM32F1xx_HAL_Driver/Src/stm32f1xx_hal_cortex.o
 .debug_macro   0x00016594      0x202 ./Drivers/STM32F1xx_HAL_Driver/Src/stm32f1xx_hal_gpio.o
 .debug_macro   0x00016796      0x1a9 ./Drivers/STM32F1xx_HAL_Driver/Src/stm32f1xx_hal_rcc.o
 .debug_macro   0x0001693f      0x198 ./Drivers/STM32F1xx_HAL_Driver/Src/stm32f1xx_hal_tim.o
 .debug_macro   0x00016ad7      0x197 ./Drivers/STM32F1xx_HAL_Driver/Src/stm32f1xx_hal_tim_ex.o

.debug_line     0x00000000     0xc25d
 .debug_line    0x00000000      0x784 ./Core/Src/display7SEG.o
 .debug_line    0x00000784      0x774 ./Core/Src/input_processing.o
 .debug_line    0x00000ef8      0x8a8 ./Core/Src/input_reading.o
 .debug_line    0x000017a0      0x884 ./Core/Src/main.o
 .debug_line    0x00002024      0x74a ./Core/Src/software_timer.o
 .debug_line    0x0000276e      0x714 ./Core/Src/stm32f1xx_hal_msp.o
 .debug_line    0x00002e82      0x79f ./Core/Src/stm32f1xx_it.o
 .debug_line    0x00003621      0x757 ./Core/Src/system_stm32f1xx.o
 .debug_line    0x00003d78      0xb39 ./Core/Src/traffic_light.o
 .debug_line    0x000048b1       0x78 ./Core/Startup/startup_stm32f103c6tx.o
 .debug_line    0x00004929      0x988 ./Drivers/STM32F1xx_HAL_Driver/Src/stm32f1xx_hal.o
 .debug_line    0x000052b1      0xb52 ./Drivers/STM32F1xx_HAL_Driver/Src/stm32f1xx_hal_cortex.o
 .debug_line    0x00005e03      0x9d0 ./Drivers/STM32F1xx_HAL_Driver/Src/stm32f1xx_hal_gpio.o
 .debug_line    0x000067d3      0xe41 ./Drivers/STM32F1xx_HAL_Driver/Src/stm32f1xx_hal_rcc.o
 .debug_line    0x00007614     0x342d ./Drivers/STM32F1xx_HAL_Driver/Src/stm32f1xx_hal_tim.o
 .debug_line    0x0000aa41     0x181c ./Drivers/STM32F1xx_HAL_Driver/Src/stm32f1xx_hal_tim_ex.o

.debug_str      0x00000000    0x827bb
 .debug_str     0x00000000    0x827bb ./Core/Src/display7SEG.o
                              0x7fc73 (size before relaxing)
 .debug_str     0x000827bb    0x7fc76 ./Core/Src/input_processing.o
 .debug_str     0x000827bb    0x7fd53 ./Core/Src/input_reading.o
 .debug_str     0x000827bb    0x804be ./Core/Src/main.o
 .debug_str     0x000827bb    0x7fbd5 ./Core/Src/software_timer.o
 .debug_str     0x000827bb    0x803b7 ./Core/Src/stm32f1xx_hal_msp.o
 .debug_str     0x000827bb    0x800f2 ./Core/Src/stm32f1xx_it.o
 .debug_str     0x000827bb    0x7f7cf ./Core/Src/system_stm32f1xx.o
 .debug_str     0x000827bb    0x7fdfe ./Core/Src/traffic_light.o
 .debug_str     0x000827bb       0x83 ./Core/Startup/startup_stm32f103c6tx.o
 .debug_str     0x000827bb    0x7fec8 ./Drivers/STM32F1xx_HAL_Driver/Src/stm32f1xx_hal.o
 .debug_str     0x000827bb    0x7fe14 ./Drivers/STM32F1xx_HAL_Driver/Src/stm32f1xx_hal_cortex.o
 .debug_str     0x000827bb    0x7fb55 ./Drivers/STM32F1xx_HAL_Driver/Src/stm32f1xx_hal_gpio.o
 .debug_str     0x000827bb    0x7fbfe ./Drivers/STM32F1xx_HAL_Driver/Src/stm32f1xx_hal_rcc.o
 .debug_str     0x000827bb    0x80c00 ./Drivers/STM32F1xx_HAL_Driver/Src/stm32f1xx_hal_tim.o
 .debug_str     0x000827bb    0x8040c ./Drivers/STM32F1xx_HAL_Driver/Src/stm32f1xx_hal_tim_ex.o

.comment        0x00000000       0x43
 .comment       0x00000000       0x43 ./Core/Src/display7SEG.o
                                 0x44 (size before relaxing)
 .comment       0x00000043       0x44 ./Core/Src/input_processing.o
 .comment       0x00000043       0x44 ./Core/Src/input_reading.o
 .comment       0x00000043       0x44 ./Core/Src/main.o
 .comment       0x00000043       0x44 ./Core/Src/software_timer.o
 .comment       0x00000043       0x44 ./Core/Src/stm32f1xx_hal_msp.o
 .comment       0x00000043       0x44 ./Core/Src/stm32f1xx_it.o
 .comment       0x00000043       0x44 ./Core/Src/system_stm32f1xx.o
 .comment       0x00000043       0x44 ./Core/Src/traffic_light.o
 .comment       0x00000043       0x44 ./Drivers/STM32F1xx_HAL_Driver/Src/stm32f1xx_hal.o
 .comment       0x00000043       0x44 ./Drivers/STM32F1xx_HAL_Driver/Src/stm32f1xx_hal_cortex.o
 .comment       0x00000043       0x44 ./Drivers/STM32F1xx_HAL_Driver/Src/stm32f1xx_hal_gpio.o
 .comment       0x00000043       0x44 ./Drivers/STM32F1xx_HAL_Driver/Src/stm32f1xx_hal_rcc.o
 .comment       0x00000043       0x44 ./Drivers/STM32F1xx_HAL_Driver/Src/stm32f1xx_hal_tim.o
 .comment       0x00000043       0x44 ./Drivers/STM32F1xx_HAL_Driver/Src/stm32f1xx_hal_tim_ex.o

.debug_frame    0x00000000     0x29b4
 .debug_frame   0x00000000       0x9c ./Core/Src/display7SEG.o
 .debug_frame   0x0000009c       0x2c ./Core/Src/input_processing.o
 .debug_frame   0x000000c8       0xd8 ./Core/Src/input_reading.o
 .debug_frame   0x000001a0       0xd4 ./Core/Src/main.o
 .debug_frame   0x00000274       0x88 ./Core/Src/software_timer.o
 .debug_frame   0x000002fc       0x80 ./Core/Src/stm32f1xx_hal_msp.o
 .debug_frame   0x0000037c      0x120 ./Core/Src/stm32f1xx_it.o
 .debug_frame   0x0000049c       0x58 ./Core/Src/system_stm32f1xx.o
 .debug_frame   0x000004f4      0x1c8 ./Core/Src/traffic_light.o
 .debug_frame   0x000006bc      0x334 ./Drivers/STM32F1xx_HAL_Driver/Src/stm32f1xx_hal.o
 .debug_frame   0x000009f0      0x428 ./Drivers/STM32F1xx_HAL_Driver/Src/stm32f1xx_hal_cortex.o
 .debug_frame   0x00000e18      0x14c ./Drivers/STM32F1xx_HAL_Driver/Src/stm32f1xx_hal_gpio.o
 .debug_frame   0x00000f64      0x218 ./Drivers/STM32F1xx_HAL_Driver/Src/stm32f1xx_hal_rcc.o
 .debug_frame   0x0000117c     0x11b4 ./Drivers/STM32F1xx_HAL_Driver/Src/stm32f1xx_hal_tim.o
 .debug_frame   0x00002330      0x638 ./Drivers/STM32F1xx_HAL_Driver/Src/stm32f1xx_hal_tim_ex.o
 .debug_frame   0x00002968       0x20 D:/STM32CubeIDE_1.19.0/STM32CubeIDE/plugins/com.st.stm32cube.ide.mcu.externaltools.gnu-tools-for-stm32.13.3.rel1.win32_1.0.0.202411081344/tools/bin/../lib/gcc/arm-none-eabi/13.3.1/../../../../arm-none-eabi/lib/thumb/v7-m/nofp\libc_nano.a(libc_a-memset.o)
 .debug_frame   0x00002988       0x2c D:/STM32CubeIDE_1.19.0/STM32CubeIDE/plugins/com.st.stm32cube.ide.mcu.externaltools.gnu-tools-for-stm32.13.3.rel1.win32_1.0.0.202411081344/tools/bin/../lib/gcc/arm-none-eabi/13.3.1/../../../../arm-none-eabi/lib/thumb/v7-m/nofp\libc_nano.a(libc_a-init.o)

.debug_line_str
                0x00000000       0x67
 .debug_line_str
                0x00000000       0x67 ./Core/Startup/startup_stm32f103c6tx.o
